Copyright 1986-2022 Xilinx, Inc. All Rights Reserved.
------------------------------------------------------------------------------------------------------------------------------------------------------------------------------------------------------------------------------------------------------------------------------------------
| Tool Version : Vivado v.2022.2 (lin64) Build 3671981 Fri Oct 14 04:59:54 MDT 2022
| Date         : Thu Aug 15 10:56:03 2024
| Host         : finn_dev_hannayan running 64-bit Ubuntu 22.04.1 LTS
| Command      : report_accelerator_utilization -kernels { finn_design_wrapper:vmk180_thin_i/finn_design_0/inst:finn_design_0 instrumentation_wrapper:vmk180_thin_i/instrumentation_wrapper_0/inst:instrumentation_wrapper_0} -file kernel_util_placed.rpt -name kernel_util_placed -json
| Design       : vmk180_thin_wrapper
| Device       : xcvm1802
| Design State : Fully Placed
------------------------------------------------------------------------------------------------------------------------------------------------------------------------------------------------------------------------------------------------------------------------------------------

Accelerator Utilization Design Information

Table of Contents
-----------------
1. System Utilization

1. System Utilization
---------------------

+------------------------------+-------------------+------------------+------------------+---------------+---------------+
| Name                         | REG               | LUT              | LUTAsMem         | BRAM          | URAM          |
+------------------------------+-------------------+------------------+------------------+---------------+---------------+
| Platform                     |    1555 [  0.09%] |    945 [  0.11%] |      7 [ <0.01%] |   0 [  0.00%] |   0 [  0.00%] |
| User Budget                  | 1798125 [100.00%] | 898895 [100.00%] | 449913 [100.00%] | 967 [100.00%] | 463 [100.00%] |
|    Used Resources            |   12393 [  0.69%] |   6904 [  0.77%] |    233 [  0.05%] |  11 [  1.14%] |   0 [  0.00%] |
|    Unused Resources          | 1785732 [ 99.31%] | 891991 [ 99.23%] | 449680 [ 99.95%] | 956 [ 98.86%] | 463 [100.00%] |
| finn_design_wrapper          |    9902 [  0.55%] |   5751 [  0.64%] |    184 [  0.04%] |  11 [  1.14%] |   0 [  0.00%] |
|    finn_design_0             |    9902 [  0.55%] |   5751 [  0.64%] |    184 [  0.04%] |  11 [  1.14%] |   0 [  0.00%] |
| instrumentation_wrapper      |    2491 [  0.14%] |   1153 [  0.13%] |     49 [  0.01%] |   0 [  0.00%] |   0 [  0.00%] |
|    instrumentation_wrapper_0 |    2491 [  0.14%] |   1153 [  0.13%] |     49 [  0.01%] |   0 [  0.00%] |   0 [  0.00%] |
+------------------------------+-------------------+------------------+------------------+---------------+---------------+


