Copyright 1986-2022 Xilinx, Inc. All Rights Reserved.
--------------------------------------------------------------------------------------------------------------------------------------------------------------------------------------------------------------------------------------------------------------------------------------------
| Tool Version : Vivado v.2022.2 (lin64) Build 3671981 Fri Oct 14 04:59:54 MDT 2022
| Date         : Thu Aug 15 10:52:30 2024
| Host         : finn_dev_hannayan running 64-bit Ubuntu 22.04.1 LTS
| Command      : report_accelerator_utilization -kernels { finn_design_wrapper:vmk180_thin_i/finn_design_0/inst:finn_design_0 instrumentation_wrapper:vmk180_thin_i/instrumentation_wrapper_0/inst:instrumentation_wrapper_0} -file kernel_util_synthed.rpt -name kernel_util_synthed -json
| Design       : vmk180_thin_wrapper
| Device       : xcvm1802
| Design State : Synthesized
--------------------------------------------------------------------------------------------------------------------------------------------------------------------------------------------------------------------------------------------------------------------------------------------

Accelerator Utilization Design Information

Table of Contents
-----------------
1. System Utilization

1. System Utilization
---------------------

+------------------------------+-------------------+------------------+------------------+---------------+---------------+
| Name                         | REG               | LUT              | LUTAsMem         | BRAM          | URAM          |
+------------------------------+-------------------+------------------+------------------+---------------+---------------+
| Platform                     |    2540 [  0.14%] |   1098 [  0.12%] |      7 [ <0.01%] |   0 [  0.00%] |   0 [  0.00%] |
| User Budget                  | 1797140 [100.00%] | 898742 [100.00%] | 449913 [100.00%] | 967 [100.00%] | 463 [100.00%] |
|    Used Resources            |   12421 [  0.69%] |   7003 [  0.78%] |    280 [  0.06%] |  11 [  1.14%] |   0 [  0.00%] |
|    Unused Resources          | 1784719 [ 99.31%] | 891739 [ 99.22%] | 449633 [ 99.94%] | 956 [ 98.86%] | 463 [100.00%] |
| finn_design_wrapper          |    9902 [  0.55%] |   5828 [  0.65%] |    223 [  0.05%] |  11 [  1.14%] |   0 [  0.00%] |
|    finn_design_0             |    9902 [  0.55%] |   5828 [  0.65%] |    223 [  0.05%] |  11 [  1.14%] |   0 [  0.00%] |
| instrumentation_wrapper      |    2519 [  0.14%] |   1175 [  0.13%] |     57 [  0.01%] |   0 [  0.00%] |   0 [  0.00%] |
|    instrumentation_wrapper_0 |    2519 [  0.14%] |   1175 [  0.13%] |     57 [  0.01%] |   0 [  0.00%] |   0 [  0.00%] |
+------------------------------+-------------------+------------------+------------------+---------------+---------------+


